// Jest Snapshot v1, https://goo.gl/fbAQLP

exports[`<CategoryCarouselCard /> should renders correctly (snapshot) 1`] = `
<IntlProvider
  defaultFormats={Object {}}
  defaultLocale="en"
  formats={Object {}}
  locale="en"
  messages={
    Object {
      "Bags": "Bags",
      "Hats": "Hats",
      "Jeans": "Jeans",
      "Laptop": "Laptop",
      "T-Shirt": "T-Shirt",
      "Trending": "Trending",
      "Wear Trending Collections": "Wear Trending Collections",
      "cart": "cart",
      "explore": "explore",
      "login": "login",
      "loginNow": "Login Now",
      "loginToStart": "Get started by logging in.",
      "register": "Register",
      "registerNow": "Register Now",
      "registerToStart": "Get started by Registering yourself.",
      "signInInstead": "Sign In Instead",
      "signUpInstead": "Sign Up Instead",
      "trending": "trending",
    }
  }
  onError={[Function]}
  textComponent={Symbol(react.fragment)}
>
  <MainCarouselCard
    description="Wear Trending Collections"
    image="image"
    title="Trending"
  >
    <div
      className="flex flex-row-reverse h-full relative"
    >
      <div
        className="w-full relative bg-top bg-cover bg-no-repeat lg:w-2/4"
        style={
          Object {
            "backgroundImage": "url(http://127.0.0.1:3001/image)",
          }
        }
      >
        <div
          className="absolute inset-0 bg-gradient-to-r from-gray-300 via-gray-200 to-gray-100 opacity-50 lg:hidden"
        />
      </div>
      <div
        className="absolute inset-0 p-3 flex items-center lg:justify-center lg:relative lg:w-2/4 lg:p-0"
      >
        <div
          className="w-9/12 md:w-2/4"
        >
          <div
            className="text-gray-500 text-xl"
          >
            <FormattedMessage
              id="Trending"
            >
              Trending
            </FormattedMessage>
          </div>
          <div
            className="text-5xl mt-5 lg:text-6xl"
          >
            <FormattedMessage
              id="Wear Trending Collections"
            >
              Wear Trending Collections
            </FormattedMessage>
          </div>
        </div>
      </div>
    </div>
  </MainCarouselCard>
</IntlProvider>
`;
